namespace NServiceBus.Persistence.Sql
{
    public interface IMessagePropertyMapper
    {
        void ConfigureMapping<TMessage>(System.Linq.Expressions.Expression<System.Func<TMessage, object>> messageProperty);
    }
    public interface ISqlStorageSession
    {
        System.Data.Common.DbConnection Connection { get; }
        System.Data.Common.DbTransaction Transaction { get; }
        void OnSaveChanges(System.Func<NServiceBus.Persistence.Sql.ISqlStorageSession, System.Threading.Tasks.Task> callback);
    }
    [System.ObsoleteAttribute("Not for public use")]
    public class static OutboxCommandBuilder
    {
        public static NServiceBus.Persistence.Sql.OutboxCommands Build(string tablePrefix, NServiceBus.SqlDialect sqlDialect) { }
    }
    [System.ObsoleteAttribute("Not for public use")]
    public class OutboxCommands
    {
        public OutboxCommands(string store, string get, string setAsDispatched, string cleanup) { }
        public string Cleanup { get; }
        public string Get { get; }
        public string SetAsDispatched { get; }
        public string Store { get; }
    }
    public delegate Newtonsoft.Json.JsonSerializerSettings RetrieveVersionSpecificJsonSettings(System.Type sagaDataType, System.Version sagaVersion);
    [System.ObsoleteAttribute("Not for public use")]
    public class SagaCommandBuilder
    {
        public SagaCommandBuilder(NServiceBus.SqlDialect sqlDialect) { }
        public string BuildCompleteCommand(string tableName) { }
        public string BuildGetByPropertyCommand(string propertyName, string tableName) { }
        public string BuildGetBySagaIdCommand(string tableName) { }
        public string BuildSaveCommand(string correlationProperty, string transitionalCorrelationProperty, string tableName) { }
        public string BuildSelectFromCommand(string tableName) { }
        public string BuildUpdateCommand(string transitionalCorrelationProperty, string tableName) { }
    }
    public class SagaSettings
    {
        public void JsonSettings(Newtonsoft.Json.JsonSerializerSettings jsonSerializerSettings) { }
        public void JsonSettingsForVersion(NServiceBus.Persistence.Sql.RetrieveVersionSpecificJsonSettings builder) { }
        public void ReaderCreator(System.Func<System.IO.TextReader, Newtonsoft.Json.JsonReader> readerCreator) { }
        public void WriterCreator(System.Func<System.Text.StringBuilder, Newtonsoft.Json.JsonWriter> writerCreator) { }
    }
    public class SqlPersistence : NServiceBus.Persistence.PersistenceDefinition
    {
        public SqlPersistence() { }
    }
    [System.AttributeUsageAttribute(System.AttributeTargets.Assembly | System.AttributeTargets.All)]
    public sealed class SqlPersistenceSettingsAttribute : System.Attribute
    {
        public SqlPersistenceSettingsAttribute() { }
        public bool MsSqlServerScripts { get; set; }
        public bool MySqlScripts { get; set; }
        public bool OracleScripts { get; set; }
        public bool ProduceOutboxScripts { get; set; }
        public bool ProduceSagaScripts { get; set; }
        public bool ProduceSubscriptionScripts { get; set; }
        public bool ProduceTimeoutScripts { get; set; }
        public string ScriptPromotionPath { get; set; }
    }
    public abstract class SqlSaga<TSagaData> : NServiceBus.Saga
        where TSagaData : NServiceBus.IContainSagaData, new ()
    {
        protected SqlSaga() { }
        protected abstract string CorrelationPropertyName { get; }
        public TSagaData Data { get; set; }
        protected virtual string TableSuffix { get; }
        protected virtual string TransitionalCorrelationPropertyName { get; }
        protected override void ConfigureHowToFindSaga(NServiceBus.IConfigureHowToFindSagaWithMessage mapper) { }
        protected abstract void ConfigureMapping(NServiceBus.Persistence.Sql.IMessagePropertyMapper mapper);
    }
    [System.ObsoleteAttribute("Use `persistence.SqlDialect<SqlDialect.DialectType>()` instead. Will be removed i" +
        "n version 4.0.0.", true)]
    public enum SqlVariant
    {
        MsSqlServer = 0,
        MySql = 1,
        Oracle = 2,
    }
    [System.ObsoleteAttribute("Not for public use")]
    public class static SubscriptionCommandBuilder
    {
        public static NServiceBus.Persistence.Sql.SubscriptionCommands Build(NServiceBus.SqlDialect sqlDialect, string tablePrefix) { }
    }
    [System.ObsoleteAttribute("Not for public use")]
    public class SubscriptionCommands
    {
        public SubscriptionCommands(string subscribe, string unsubscribe, System.Func<System.Collections.Generic.List<NServiceBus.Unicast.Subscriptions.MessageType>, string> getSubscribers) { }
        public System.Func<System.Collections.Generic.List<NServiceBus.Unicast.Subscriptions.MessageType>, string> GetSubscribers { get; }
        public string Subscribe { get; }
        public string Unsubscribe { get; }
    }
    public class SubscriptionSettings
    {
        public void CacheFor(System.TimeSpan timeSpan) { }
        public void DisableCache() { }
    }
    [System.ObsoleteAttribute("Not for public use")]
    public class static TimeoutCommandBuilder
    {
        public static NServiceBus.Persistence.Sql.TimeoutCommands Build(NServiceBus.SqlDialect sqlDialect, string tablePrefix) { }
    }
    [System.ObsoleteAttribute("Not for public use")]
    public class TimeoutCommands
    {
        public TimeoutCommands(string removeById, string next, string peek, string add, string removeBySagaId, string range) { }
        public string Add { get; }
        public string Next { get; }
        public string Peek { get; }
        public string Range { get; }
        public string RemoveById { get; }
        public string RemoveBySagaId { get; }
    }
}
namespace NServiceBus
{
    public abstract class SqlDialect
    {
        protected SqlDialect() { }
        public override string ToString() { }
        public class MsSqlServer : NServiceBus.SqlDialect
        {
            public MsSqlServer() { }
        }
        public class MySql : NServiceBus.SqlDialect
        {
            public MySql() { }
        }
        public class Oracle : NServiceBus.SqlDialect
        {
            public Oracle() { }
        }
    }
    public class SqlDialectSettings<T>
        where T : NServiceBus.SqlDialect, new ()
    {
        public SqlDialectSettings() { }
    }
    public class static SqlPersistenceConfig
    {
        public static void ConnectionBuilder(this NServiceBus.PersistenceExtensions<NServiceBus.Persistence.Sql.SqlPersistence> configuration, System.Func<System.Data.Common.DbConnection> connectionBuilder) { }
        public static void DisableInstaller(this NServiceBus.PersistenceExtensions<NServiceBus.Persistence.Sql.SqlPersistence> configuration) { }
        public static NServiceBus.Persistence.Sql.SagaSettings SagaSettings(this NServiceBus.PersistenceExtensions<NServiceBus.Persistence.Sql.SqlPersistence> configuration) { }
        [System.ObsoleteAttribute("Use `persistence.SqlDialect<SqlDialect.DialectType>().Schema(\"schema_name\")` inst" +
            "ead. The member currently throws a NotImplementedException. Will be removed in v" +
            "ersion 4.0.0.", true)]
        public static void Schema(this NServiceBus.PersistenceExtensions<NServiceBus.Persistence.Sql.SqlPersistence> configuration, string schema) { }
        public static void Schema(this NServiceBus.SqlDialectSettings<NServiceBus.SqlDialect.MsSqlServer> dialectSettings, string schema) { }
        public static NServiceBus.SqlDialectSettings<T> SqlDialect<T>(this NServiceBus.PersistenceExtensions<NServiceBus.Persistence.Sql.SqlPersistence> configuration)
            where T : NServiceBus.SqlDialect, new () { }
        [System.ObsoleteAttribute("Use `persistence.SqlDialect<SqlDialect.DialectType>()` instead. The member curren" +
            "tly throws a NotImplementedException. Will be removed in version 4.0.0.", true)]
        public static void SqlVariant(this NServiceBus.PersistenceExtensions<NServiceBus.Persistence.Sql.SqlPersistence> configuration, NServiceBus.Persistence.Sql.SqlVariant sqlVariant) { }
        public static NServiceBus.Persistence.Sql.SubscriptionSettings SubscriptionSettings(this NServiceBus.PersistenceExtensions<NServiceBus.Persistence.Sql.SqlPersistence> configuration) { }
        public static void TablePrefix(this NServiceBus.PersistenceExtensions<NServiceBus.Persistence.Sql.SqlPersistence> configuration, string tablePrefix) { }
    }
    public class static SqlPersistenceStorageSessionExtensions
    {
        public static System.Threading.Tasks.Task<TSagaData> GetSagaData<TSagaData>(this NServiceBus.Persistence.SynchronizedStorageSession session, NServiceBus.Extensibility.ReadOnlyContextBag context, string whereClause, ParameterAppender appendParameters)
            where TSagaData : NServiceBus.IContainSagaData { }
        public static NServiceBus.Persistence.Sql.ISqlStorageSession SqlPersistenceSession(this NServiceBus.Persistence.SynchronizedStorageSession session) { }
    }
}
public delegate void ParameterAppender(System.Func<System.Data.Common.DbParameter> parameterBuilder, System.Action<System.Data.Common.DbParameter> append);